<?xml version="1.0" encoding="UTF-8"?>
<testsuites name="jest tests" tests="1" failures="1" errors="0" time="3.329">
  <testsuite name="Create Tour" errors="0" failures="1" skipped="0" timestamp="2025-05-13T02:09:38" time="3.037" tests="1">
    <testcase classname="Create Tour Should create a Tour" name="Create Tour Should create a Tour" time="0.421">
      <failure>Error: expect(received).toBe(expected) // Object.is equality

Expected: 201
Received: 404
    at /Users/irinairina/Desktop/Lecture/API_Automation/src/tests/tour/create_tour_positive.spec.ts:36:36
    at processTicksAndRejections (node:internal/process/task_queues:105:5)</failure>
    </testcase>
  </testsuite>
</testsuites>